
> mumbai-police-intelligence-frontend@2.0.0 build
> next build

  ▲ Next.js 14.2.24

   Creating an optimized production build ...
Failed to compile.

./src/app/cdr/page.tsx
Error: 
  [31mx[0m Unexpected token `div`. Expected jsx identifier
     ,-[[36;1;4mC:\Users\adwait\Crimininalnetwrok\frontend\src\app\cdr\page.tsx[0m:210:1]
 [2m210[0m |   const civiliansCount = (graphData?.nodes.length || 0) - criminalsCount;
 [2m211[0m | 
 [2m212[0m |   return (
 [2m213[0m |     <div className="space-y-4">
     : [31;1m     ^^^[0m
 [2m214[0m |       {/* Top Header Bar matching NETSENTINEL AI */}
 [2m215[0m |       <div className="bg-slate-900 border border-slate-800 rounded-xl p-3 shadow-lg flex flex-wrap items-center justify-between gap-3 text-white font-mono">
 [2m215[0m |         <div className="flex items-center gap-3">
     `----

Caused by:
    Syntax Error

Import trace for requested module:
./src/app/cdr/page.tsx


> Build failed because of webpack errors
npm error Lifecycle script `build` failed with error:
npm error code 1
npm error path C:\Users\adwait\Crimininalnetwrok\frontend
npm error workspace mumbai-police-intelligence-frontend@2.0.0
npm error location C:\Users\adwait\Crimininalnetwrok\frontend
npm error command failed
npm error command C:\WINDOWS\system32\cmd.exe /d /s /c next build
